[codequestt.framer.website/index.html]
[backblue.gif]
[fade.gif]
[index.html]
[framerusercontent.com/images/ej7rA6ddq4Wk3Pm38wmtYlPooA.png]
[framerusercontent.com/assets/lBUp3Jyk3sE3pxMXWaVU5wmNFo.png]
[codequestt.framer.website/about-us.html]
[codequestt.framer.website/gallery.html]
[codequestt.framer.website/contact-us.html]
[codequestt.framer.website/tickets.html]
[framerusercontent.com/images/LhPuJNFBa07m1NdnyaauLyezs9ae5.jpg]
[framerusercontent.com/images/23dJVxMMzJ82ZzdXJOmNmBQvEQ9ae5.jpg]
[framerusercontent.com/images/vcPlJ2RfAv9BBk7NrsN4VvvmM4bf23.jpg]
[framerusercontent.com/images/0Vy9IvevGaZqKtpfKw1I0XaRow.png]
[framerusercontent.com/images/GKfZ1m6vaYo32iFtdIEpJFWL060.png]
[framerusercontent.com/images/STNNCTrvIK460Aih4ukChdR8ak.png]
[framerusercontent.com/images/zHVRs8d4MK0uNFPnLxKe0ElkmHI.png]
[framerusercontent.com/images/tLqRzP0hGSf4KCMRTvlfOohq4g.png]
[framerusercontent.com/images/Oga5lEF3xe4kdOjgaIfU754K7Q.png]
[framerusercontent.com/images/1VPNQWwWmbwJ9sUJLibVg9kIQ.png]
[framerusercontent.com/images/XzbdvG7ZLUx4Fy1dGJkTGdwmA.png]
[framerusercontent.com/images/MUo93p8Lz9GibmGNLWZ8vd8Z4Dk.jpg]
[framerusercontent.com/images/YBD6KzvF4XHtJpJhqd25IpaICA.jpg]
[framerusercontent.com/images/9UeV1wbBr1g40Ij0yOkO41Sxq0I.jpg]
[framerusercontent.com/images/5mOFaLC3ZThf2aDClt3nkqAkLs.jpg]
[framerusercontent.com/images/0YCZhy5VpxtmZTEkDMiv5aEsBg4.jpg]
[framerusercontent.com/images/k7bPr3wl2BCHczjeE2cVWz6j2c.jpg]
[codequestt.framer.website/index.html]
[framerusercontent.com/assets/NgyWRlvDeihRoXpmc2phJlpkMZM.jpg]
[codequestt.framer.website/[object Object].18.delayed]
[framerusercontent.com/images/LQr3XeNhS14xSgQ20IVtGfjMbf23.jpg]
[framerusercontent.com/images/bRZ1FsKdsOl7Y3l1zotO5y2TtsUbf23.jpg]
[framerusercontent.com/images/rZagwqH14nV4U2GYKw9SjM1JSQAbf23.jpg]
[framerusercontent.com/images/6tRyjresLa7REaX3IwyLoGEinFEbf23.jpg]
[framerusercontent.com/images/vuLRVYi08RAyJ6MAoc9QMGWLS8bf23.jpg]
[framerusercontent.com/images/9KL8wx5Dot6Qvh0NErVtnRfAcbf23.jpg]
[framerusercontent.com/images/ZG7kitmDcmGjMGqNlngRruFiWNkbf23.jpg]
[framerusercontent.com/images/pg33LF5ieGElJlek2eWlG3SdDe8bf23.jpg]
[codequestt.framer.website/about-us.html]
[framerusercontent.com/assets/PQOUAmZ3cLYAw0muSZZDGHenus.jpg]
[framerusercontent.com/images/43WNeS4kFjShby2ctybv2XRx4Ybf23.jpg]
[framerusercontent.com/images/20je0y2ZWKoVLFH7cDmxTyo10kbf23.jpg]
[framerusercontent.com/images/dM0rg0FhL6MFbneUOToIPnLOvQbf23.jpg]
[framerusercontent.com/images/4SDm1vpibmAzLC0BI94FIcAkOWsbf23.jpg]
[framerusercontent.com/images/tgqS1WE6bmwu2NVCXx1QhKNKWawbf23.jpg]
[codequestt.framer.website/gallery.html]
[framerusercontent.com/assets/xdYfp7UZc6a5ue6PtsKLWnslQYU.jpg]
[codequestt.framer.website/contact-us.html]
[framerusercontent.com/assets/KpGgz4nJ9rkjn6YmONA6X5x7YE.jpg]
[codequestt.framer.website/tickets.html]
[codequestt.framer.website/[object Object].html]
